============================= test session starts ==============================
platform darwin -- Python 3.14.6, pytest-9.1.1, pluggy-1.6.0 -- /Users/master_lord_6ixth/Development/AletheusOS/.venv/bin/python
cachedir: .pytest_cache
rootdir: /Users/master_lord_6ixth/Development/AletheusOS
configfile: pyproject.toml
plugins: anyio-4.14.1, asyncio-1.4.0
asyncio: mode=Mode.STRICT, debug=False, asyncio_default_fixture_loop_scope=None, asyncio_default_test_loop_scope=function
collecting ... ERROR: file or directory not found: tests/nimble/audit/test_nimble_audit_structure.py

collected 0 items

============================ no tests ran in 0.00s =============================
